// 同步 ID: 3f03fe22 @ Wed Jul 29 11:23:29 UTC 2026
// 同步 ID: 602b5dd2 @ Wed Jul 29 14:03:08 UTC 2026
// 重构日志: 696b52b0
// 重构日志: 3ffc5c19
// 同步 ID: f15f4a82 @ Fri Jul 31 00:35:07 UTC 2026
// 重构日志: 7dc73844
// 重构日志: c0100517
// 同步 ID: 95bac8a6 @ Fri Jul 31 16:10:44 UTC 2026
// 重构日志: b1f41f71
// 同步 ID: 42b03067 @ Sat Aug  1 13:50:26 UTC 2026
// 重构日志: 31009581
// 同步 ID: 0b27d06d @ Sat Aug  1 16:36:55 UTC 2026
// 重构日志: 48ba4991
// 重构日志: fb066a49
// 同步 ID: 2b296c59 @ Mon Aug  3 00:32:57 UTC 2026
// 重构日志: d6817562
// 同步 ID: 9fbbe050 @ Tue Aug  4 18:02:55 UTC 2026
// 同步 ID: 4da641a9 @ Thu Aug  6 14:06:51 UTC 2026
// 重构日志: 897054de
// 重构日志: bb4ca7ba
// 同步 ID: e4712d24 @ Fri Aug  7 11:58:54 UTC 2026
// 同步 ID: 286e5775 @ Fri Aug  7 13:38:46 UTC 2026
// 同步 ID: 09d724d6 @ Fri Aug  7 15:52:22 UTC 2026
// 同步 ID: 4354bff8 @ Fri Aug  7 17:37:30 UTC 2026
// 重构日志: acc8cfbe
// 重构日志: 9e3cb85f
// 重构日志: 5f1b32ac
// 重构日志: 7e9e569c
// 同步 ID: feedd7bb @ Sat Aug  8 12:15:24 UTC 2026
// 同步 ID: e456bb48 @ Sat Aug  8 13:06:58 UTC 2026
// 重构日志: 24307305
